// Jest Snapshot v1, https://goo.gl/fbAQLP

exports[`App Snapshot 1`] = `
<View
  style={
    Object {
      "alignItems": "center",
      "backgroundColor": "#F5FCFF",
      "flex": 1,
      "justifyContent": "center",
    }
  }
>
  <Text
    style={
      Object {
        "color": "#333333",
        "fontSize": 20,
        "fontWeight": "bold",
        "marginBottom": 5,
        "textAlign": "center",
      }
    }
  >
    Test Jest RN 
    iOS
  </Text>
  <View>
    <Text
      style={
        Object {
          "fontSize": 14,
          "fontWeight": "bold",
        }
      }
    >
      Profile Component
    </Text>
    <TextInput
      allowFontScaling={true}
      style={
        Object {
          "backgroundColor": "grey",
          "margin": 10,
        }
      }
      underlineColorAndroid="transparent"
    />
  </View>
  <Text>
    Jest Test Data
  </Text>
</View>
`;
